// Jest Snapshot v1, https://goo.gl/fbAQLP

exports[`YooScrollSpyComponent Rendering Should render with a basic structure 1`] = `
<yoo-scroll-spy
  class="hydrated"
  data-yoo-scroll-spy-host=""
>
  
  <div
    data-yoo-scroll-spy=""
  />
</yoo-scroll-spy>
`;
