// Jest Snapshot v1, https://goo.gl/fbAQLP

exports[`TaskCreateComponent Rendering Should render 1`] = `
<yoo-task-create
  class="hydrated"
  data-yoo-task-create-host=""
>
  
  <div
    data-yoo-task-create=""
  >
    TaskCreate needs a proper template
  </div>
</yoo-task-create>
`;
