// Jest Snapshot v1, https://goo.gl/fbAQLP

exports[`FormRecapStepComponent Rendering Should render 1`] = `null`;
